// Jest Snapshot v1, https://goo.gl/fbAQLP

exports[`renders Box component 1`] = `
<DocumentFragment>
  <div
    class="box"
  >
    <div
      style="width: 100px; height: 100px; background-color: blue;"
    />
    <button
      class="remove-btn"
    >
      X
    </button>
  </div>
</DocumentFragment>
`;
